################################################################################
#                                                                              #
#      IAR Universal Linker V6.4.6.89                                          #
#                                                                              #
#           Link time     =  02/Nov/2017  11:25:43                             #
#           Target CPU    =  MSP430                                            #
#           List file     =  C:\Users\Administrator\Desktop\12864_5529_IAR\Rel #
#                            ease\List\12864.map                               #
#           Output file 1 =  C:\Users\Administrator\Desktop\12864_5529_IAR\Rel #
#                            ease\Exe\12864.txt                                #
#                            Format: msp430_txt                                #
#           Command line  =  -f                                                #
#                            C:\Users\ADMINI~1\AppData\Local\Temp\EW8FA4.tmp   #
#                            (C:\Users\Administrator\Desktop\12864_5529_IAR\Re #
#                            lease\Obj\main.r43                                #
#                            C:\Users\Administrator\Desktop\12864_5529_IAR\Rel #
#                            ease\Obj\oled.r43                                 #
#                            -o                                                #
#                            C:\Users\Administrator\Desktop\12864_5529_IAR\Rel #
#                            ease\Exe\12864.txt                                #
#                            -Fmsp430_txt -l                                   #
#                            C:\Users\Administrator\Desktop\12864_5529_IAR\Rel #
#                            ease\List\12864.map                               #
#                            -xms -ID:\IAR7.10\430\LIB\ -f                     #
#                            D:\IAR7.10\430\config\linker\lnk430f5529.xcl      #
#                            (-cmsp430 -D?CPU30_OFFSET=2 -QCODE_I=CODE_ID      #
#                            -QTLS16_I=TLS16_ID -D__iar_HWMUL=4C0              #
#                            -Z(CONST)INFO=1800-19FF                           #
#                            -Z(CONST)INFOA=1980-19FF                          #
#                            -Z(CONST)INFOB=1900-197F                          #
#                            -Z(CONST)INFOC=1880-18FF                          #
#                            -Z(CONST)INFOD=1800-187F                          #
#                            -Z(DATA)USBRAM=1C00-23FF                          #
#                            -Z(DATA)DATA16_I,DATA16_Z,DATA16_N,TLS16_I=2400-4 #
#                            3FF                                               #
#                            -Z(DATA)DATA16_HEAP+_DATA16_HEAP_SIZE             #
#                            -Z(DATA)CODE_I                                    #
#                            -Z(DATA)DATA20_I,DATA20_Z,DATA20_N,DATA20_HEAP+_D #
#                            ATA20_HEAP_SIZE                                   #
#                            -Z(DATA)CSTACK+_STACK_SIZE#                       #
#                            -Z(CONST)DATA16_C,DATA16_ID,TLS16_ID,DIFUNCT,CHEC #
#                            KSUM=4400-FF7F                                    #
#                            -Z(CODE)CSTART,ISR_CODE,CODE16=4400-FF7F          #
#                            -P(CODE)CODE=4400-FF7F,10000-243FF                #
#                            -Z(CONST)DATA20_C,DATA20_ID,CODE_ID=4400-FF7F,100 #
#                            40-243FF                                          #
#                            -Z(CODE)INTVEC=FF80-FFFF                          #
#                            -Z(CODE)RESET=FFFE-FFFF) -f                       #
#                            D:\IAR7.10\430\config\linker\multiplier32.xcl     #
#                            (-e?Mul8Hw=?Mul8 -e?Mul16Hw=?Mul16                #
#                            -e?Mul16to32uHw=?Mul16to32u                       #
#                            -e?Mul16to32sHw=?Mul16to32s -e?Mul32Hw32=?Mul32   #
#                            -e?Mul64Hw32=_Mul64i                              #
#                            -e?Mul32u32uto64iHw32=_Mul32u32uto64i             #
#                            -e?Mul32fHw32=_Mul32f                             #
#                            -e_Mul64fHw32Ptr=_Mul64fPtr) -D_STACK_SIZE=A0     #
#                            D:\IAR7.10\430\lib\clib\cl430xlsf.r43             #
#                            -e_large_write=_formatted_write                   #
#                            -e_large_read=_formatted_read                     #
#                            -D_DATA16_HEAP_SIZE=A0 -s __program_start         #
#                            -D_DATA20_HEAP_SIZE=50)                           #
#                                                                              #
#                           Copyright (C) 1987-2016 IAR Systems AB.            #
################################################################################





                ****************************************
                *                                      *
                *           CROSS REFERENCE            *
                *                                      *
                ****************************************

       Program entry at :           4FF0  Relocatable, from module : ?cstart




                ****************************************
                *                                      *
                *            RUNTIME MODEL             *
                *                                      *
                ****************************************

  __SystemLibrary = CLib
  __code_model    = large
  __core          = 430X
  __data_model    = small
  __double_size   = 32
  __pic           = no
  __reg_r4        = free
  __reg_r5        = free
  __rt_version    = 3

                ****************************************
                *                                      *
                *    AUTOMATIC SYMBOL REDIRECTIONS     *
                *                                      *
                ****************************************

                  There are no automatic symbol redirections.



                ****************************************
                *                                      *
                *              MODULE MAP              *
                *                                      *
                ****************************************


  DEFINED ABSOLUTE ENTRIES
    *************************************************************************

  DEFINED ABSOLUTE ENTRIES
  PROGRAM MODULE, NAME : ?ABS_ENTRY_MOD

Absolute parts
           ENTRY                   ADDRESS         REF BY
           =====                   =======         ======
           _DATA20_HEAP_SIZE       0050 
           _DATA16_HEAP_SIZE       00A0 
           _STACK_SIZE             00A0 
           __iar_HWMUL             04C0            OLED_ShowNum (oled)
           ?CPU30_OFFSET           0002 
    *************************************************************************

  FILE NAME : C:\Users\Administrator\Desktop\12864_5529_IAR\Release\Obj\main.r43
  PROGRAM MODULE, NAME : main

  SEGMENTS IN THE MODULE
  ======================
DATA16_AN
  Relative segment, address: 015C - 015D (0x2 bytes), align: 0
  Segment part 1. ROOT        Intra module refs:   main
           ENTRY                   ADDRESS         REF BY
           =====                   =======         ======
           _A_WDTCTL_L             015C 
    -------------------------------------------------------------------------
DATA16_I
  Relative segment, address: 2400 - 27FF (0x400 bytes), align: 0
  Segment part 9.             Intra module refs:   main
           ENTRY                   ADDRESS         REF BY
           =====                   =======         ======
           BMP1                    2400 
    -------------------------------------------------------------------------
<CODE> 1 (was CODE)
  Relative segment, address: 540A - 54B7 (0xae bytes), align: 1
  Segment part 11.
           ENTRY                   ADDRESS         REF BY
           =====                   =======         ======
           main                    540A            Segment part 26 (?cstart)
               calls direct
    -------------------------------------------------------------------------
<CODE> 1 (was CODE)
  Relative segment, address: 557C - 5581 (0x6 bytes), align: 1
  Segment part 12.            Intra module refs:   main
    -------------------------------------------------------------------------
<CODE> 1 (was CODE)
  Relative segment, address: 5558 - 5569 (0x12 bytes), align: 1
  Segment part 13.            Intra module refs:   main
    -------------------------------------------------------------------------
<CODE> 1 (was CODE)
  Relative segment, address: 550E - 5527 (0x1a bytes), align: 1
  Segment part 14.            Intra module refs:   main
    -------------------------------------------------------------------------
<CODE> 1 (was CODE)
  Relative segment, address: 54B8 - 550D (0x56 bytes), align: 1
  Segment part 15.            Intra module refs:   main
    -------------------------------------------------------------------------
DATA16_ID
  Relative segment, address: 4BF0 - 4FEF (0x400 bytes), align: 0
  Segment part 10.            Intra module refs:   BMP1
    -------------------------------------------------------------------------
DATA16_C
  Relative segment, address: 4400 - 4409 (0xa bytes), align: 0
  Segment part 3.             Intra module refs:   main
    -------------------------------------------------------------------------
DATA16_C
  Relative segment, address: 440A - 4417 (0xe bytes), align: 0
  Segment part 4.             Intra module refs:   main
    -------------------------------------------------------------------------
DATA16_C
  Relative segment, address: 4418 - 4422 (0xb bytes), align: 0
  Segment part 5.             Intra module refs:   Segment part 13
    -------------------------------------------------------------------------
DATA16_C
  Relative segment, address: 4423 - 4429 (0x7 bytes), align: 0
  Segment part 6.             Intra module refs:   Segment part 14
    -------------------------------------------------------------------------
DATA16_C
  Relative segment, address: 442A - 442F (0x6 bytes), align: 0
  Segment part 7.             Intra module refs:   Segment part 14
    -------------------------------------------------------------------------
DATA16_C
  Relative segment, address: 4430 - 443E (0xf bytes), align: 0
  Segment part 8.             Intra module refs:   main

    *************************************************************************

  FILE NAME : C:\Users\Administrator\Desktop\12864_5529_IAR\Release\Obj\oled.r43
  PROGRAM MODULE, NAME : oled

  SEGMENTS IN THE MODULE
  ======================
DATA16_AN
  Relative segment, address: 0202 - 0203 (0x2 bytes), align: 0
  Segment part 1. ROOT        Intra module refs:   OLED_Clear
                                                   OLED_DrawBMP
                                                   OLED_Init
                                                   OLED_ShowChar
                                                   OLED_WR_Byte
           ENTRY                   ADDRESS         REF BY
           =====                   =======         ======
           _A_PAOUT_L              0202 
    -------------------------------------------------------------------------
DATA16_AN
  Relative segment, address: 0204 - 0205 (0x2 bytes), align: 0
  Segment part 2. ROOT        Intra module refs:   OLED_Init
           ENTRY                   ADDRESS         REF BY
           =====                   =======         ======
           _A_PADIR_L              0204 
    -------------------------------------------------------------------------
DATA16_AN
  Relative segment, address: 020A - 020B (0x2 bytes), align: 0
  Segment part 3. ROOT        Intra module refs:   OLED_Init
           ENTRY                   ADDRESS         REF BY
           =====                   =======         ======
           _A_PASEL_L              020A 
    -------------------------------------------------------------------------
DATA16_AN
  Relative segment, address: 0222 - 0223 (0x2 bytes), align: 0
  Segment part 4. ROOT        Intra module refs:   OLED_Clear
                                                   OLED_DrawBMP
                                                   OLED_ShowChar
                                                   OLED_WR_Byte
           ENTRY                   ADDRESS         REF BY
           =====                   =======         ======
           _A_PBOUT_L              0222 
    -------------------------------------------------------------------------
DATA16_AN
  Relative segment, address: 0224 - 0225 (0x2 bytes), align: 0
  Segment part 5. ROOT        Intra module refs:   OLED_Init
           ENTRY                   ADDRESS         REF BY
           =====                   =======         ======
           _A_PBDIR_L              0224 
    -------------------------------------------------------------------------
DATA16_AN
  Relative segment, address: 022A - 022B (0x2 bytes), align: 0
  Segment part 6. ROOT        Intra module refs:   OLED_Init
           ENTRY                   ADDRESS         REF BY
           =====                   =======         ======
           _A_PBSEL_L              022A 
    -------------------------------------------------------------------------
DATA16_AN
  Relative segment, address: 05C0 - 05C1 (0x2 bytes), align: 0
  Segment part 7. ROOT        Intra module refs:   OLED_Init
           ENTRY                   ADDRESS         REF BY
           =====                   =======         ======
           _A_UCA0CTLW0_L          05C0 
    -------------------------------------------------------------------------
DATA16_AN
  Relative segment, address: 05C6 - 05C7 (0x2 bytes), align: 0
  Segment part 8. ROOT        Intra module refs:   OLED_Init
           ENTRY                   ADDRESS         REF BY
           =====                   =======         ======
           _A_UCA0BRW_L            05C6 
    -------------------------------------------------------------------------
DATA16_AN
  Relative segment, address: 05C8 - 05C8 (0x1 bytes), align: 0
  Segment part 9. ROOT        Intra module refs:   OLED_Init
           ENTRY                   ADDRESS         REF BY
           =====                   =======         ======
           UCA0MCTL                05C8 
    -------------------------------------------------------------------------
DATA16_C
  Relative segment, address: 443F - 4A2E (0x5f0 bytes), align: 0
  Segment part 12.            Intra module refs:   OLED_ShowChar
           ENTRY                   ADDRESS         REF BY
           =====                   =======         ======
           F8X16                   443F 
    -------------------------------------------------------------------------
DATA16_C
  Relative segment, address: 4A2F - 4BEE (0x1c0 bytes), align: 0
  Segment part 13.            Intra module refs:   OLED_ShowCHinese
           ENTRY                   ADDRESS         REF BY
           =====                   =======         ======
           Hzk                     4A2F 
    -------------------------------------------------------------------------
<CODE> 1 (was CODE)
  Relative segment, address: 5592 - 5593 (0x2 bytes), align: 1
  Segment part 14.            Intra module refs:   OLED_Init
           ENTRY                   ADDRESS         REF BY
           =====                   =======         ======
           delay_ms                5592            Segment part 12 (main)
    -------------------------------------------------------------------------
<CODE> 1 (was CODE)
  Relative segment, address: 500C - 5035 (0x2a bytes), align: 1
  Segment part 15.            Intra module refs:   OLED_Init
                                                   OLED_Set_Pos
                                                   OLED_ShowCHinese
                                                   OLED_ShowChar
                                                   Segment part 22
                                                   Segment part 36
                                                   Segment part 38
           ENTRY                   ADDRESS         REF BY
           =====                   =======         ======
           OLED_WR_Byte            500C 
    -------------------------------------------------------------------------
<CODE> 1 (was CODE)
  Relative segment, address: 5036 - 505B (0x26 bytes), align: 1
  Segment part 16.            Intra module refs:   OLED_DrawBMP
                                                   OLED_Init
                                                   OLED_ShowCHinese
                                                   Segment part 28
           ENTRY                   ADDRESS         REF BY
           =====                   =======         ======
           OLED_Set_Pos            5036 
               calls direct
    -------------------------------------------------------------------------
<CODE> 1 (was CODE)
  Relative segment, address: 505C - 5061 (0x6 bytes), align: 1
  Segment part 19.            Intra module refs:   OLED_Init
    -------------------------------------------------------------------------
<CODE> 1 (was CODE)
  Relative segment, address: 5062 - 509B (0x3a bytes), align: 1
  Segment part 20.            Intra module refs:   OLED_Init
           ENTRY                   ADDRESS         REF BY
           =====                   =======         ======
           OLED_Clear              5062            main (main)
               calls direct
    -------------------------------------------------------------------------
<CODE> 1 (was CODE)
  Relative segment, address: 509C - 5113 (0x78 bytes), align: 1
  Segment part 21.            Intra module refs:   OLED_ShowNum
                                                   OLED_ShowString
           ENTRY                   ADDRESS         REF BY
           =====                   =======         ======
           OLED_ShowChar           509C            main (main)
               calls direct
    -------------------------------------------------------------------------
<CODE> 1 (was CODE)
  Relative segment, address: 5114 - 511B (0x8 bytes), align: 1
  Segment part 22.            Intra module refs:   OLED_ShowChar
    -------------------------------------------------------------------------
<CODE> 1 (was CODE)
  Relative segment, address: 511C - 51C5 (0xaa bytes), align: 1
  Segment part 24.
           ENTRY                   ADDRESS         REF BY
           =====                   =======         ======
           OLED_ShowNum            511C            main (main)
               calls direct
    -------------------------------------------------------------------------
<CODE> 1 (was CODE)
  Relative segment, address: 51C6 - 51F5 (0x30 bytes), align: 1
  Segment part 25.
           ENTRY                   ADDRESS         REF BY
           =====                   =======         ======
           OLED_ShowString         51C6            Segment part 13 (main)
                                                   Segment part 14 (main)
                                                   main (main)
               calls direct
    -------------------------------------------------------------------------
<CODE> 1 (was CODE)
  Relative segment, address: 51F6 - 523B (0x46 bytes), align: 1
  Segment part 26.
           ENTRY                   ADDRESS         REF BY
           =====                   =======         ======
           OLED_ShowCHinese        51F6            Segment part 15 (main)
               calls direct
    -------------------------------------------------------------------------
<CODE> 1 (was CODE)
  Relative segment, address: 523C - 523D (0x2 bytes), align: 1
  Segment part 27.            Intra module refs:   OLED_ShowCHinese
                                                   OLED_ShowChar
    -------------------------------------------------------------------------
<CODE> 1 (was CODE)
  Relative segment, address: 523E - 5245 (0x8 bytes), align: 1
  Segment part 28.            Intra module refs:   OLED_ShowChar
                                                   Segment part 27
    -------------------------------------------------------------------------
<CODE> 1 (was CODE)
  Relative segment, address: 5246 - 5281 (0x3c bytes), align: 1
  Segment part 29.
           ENTRY                   ADDRESS         REF BY
           =====                   =======         ======
           OLED_DrawBMP            5246            main (main)
               calls direct
    -------------------------------------------------------------------------
<CODE> 1 (was CODE)
  Relative segment, address: 5282 - 529B (0x1a bytes), align: 1
  Segment part 30.            Intra module refs:   OLED_DrawBMP
                                                   OLED_ShowChar
    -------------------------------------------------------------------------
<CODE> 1 (was CODE)
  Relative segment, address: 529C - 52A9 (0xe bytes), align: 1
  Segment part 31.            Intra module refs:   OLED_Clear
                                                   Segment part 30
    -------------------------------------------------------------------------
<CODE> 1 (was CODE)
  Relative segment, address: 52AA - 52B5 (0xc bytes), align: 1
  Segment part 32.            Intra module refs:   OLED_Clear
                                                   OLED_WR_Byte
                                                   Segment part 30
    -------------------------------------------------------------------------
<CODE> 1 (was CODE)
  Relative segment, address: 52B6 - 52C9 (0x14 bytes), align: 1
  Segment part 33.            Intra module refs:   OLED_WR_Byte
                                                   Segment part 30
    -------------------------------------------------------------------------
<CODE> 1 (was CODE)
  Relative segment, address: 52CA - 53E7 (0x11e bytes), align: 1
  Segment part 34.
           ENTRY                   ADDRESS         REF BY
           =====                   =======         ======
           OLED_Init               52CA            main (main)
               calls direct
    -------------------------------------------------------------------------
<CODE> 1 (was CODE)
  Relative segment, address: 53E8 - 53EF (0x8 bytes), align: 1
  Segment part 35.            Intra module refs:   OLED_Init
    -------------------------------------------------------------------------
<CODE> 1 (was CODE)
  Relative segment, address: 53F0 - 53F7 (0x8 bytes), align: 1
  Segment part 36.            Intra module refs:   OLED_Init
                                                   OLED_Set_Pos
                                                   Segment part 19
                                                   Segment part 35
                                                   Segment part 37
                                                   Segment part 38
    -------------------------------------------------------------------------
<CODE> 1 (was CODE)
  Relative segment, address: 53F8 - 5409 (0x12 bytes), align: 1
  Segment part 37.            Intra module refs:   OLED_Init
    -------------------------------------------------------------------------
<CODE> 1 (was CODE)
  Relative segment, address: 556A - 557B (0x12 bytes), align: 1
  Segment part 38.            Intra module refs:   OLED_Clear
                                                   OLED_Init

    *************************************************************************

  FILE NAME : D:\IAR7.10\430\lib\clib\cl430xlsf.r43
  LIBRARY MODULE, NAME : ?_exit

  SEGMENTS IN THE MODULE
  ======================
<CODE> 1 (was CODE)
  Relative segment, address: 558E, align: 1
  Segment part 0.
           ENTRY                   ADDRESS         REF BY
           =====                   =======         ======
           _exit                   558E            exit (?clibexit)
    -------------------------------------------------------------------------
<CODE> 1 (was CODE)
  Relative segment, address: 558E - 5591 (0x4 bytes), align: 1
  Segment part 6.             Intra module refs:   _exit

    -------------------------------------------------------------------------
  LIBRARY MODULE, NAME : ?clibexit

  SEGMENTS IN THE MODULE
  ======================
<CODE> 1 (was CODE)
  Relative segment, address: 558A - 558D (0x4 bytes), align: 1
  Segment part 2.
           ENTRY                   ADDRESS         REF BY
           =====                   =======         ======
           exit                    558A            Segment part 26 (?cstart)
               calls direct

    -------------------------------------------------------------------------
  LIBRARY MODULE, NAME : ?__exit

  SEGMENTS IN THE MODULE
  ======================
<CODE> 1 (was CODE)
  Relative segment, address: 5582 - 5585 (0x4 bytes), align: 1
  Segment part 0.
           ENTRY                   ADDRESS         REF BY
           =====                   =======         ======
           __exit                  5582            Segment part 6 (?_exit)
                                                   _exit (?_exit)
           ?C_EXIT                 5582 

    -------------------------------------------------------------------------
  LIBRARY MODULE, NAME : ?cstart

  SEGMENTS IN THE MODULE
  ======================
CSTACK
  Relative segment, address: 4360, align: 1
  Segment part 1.
    -------------------------------------------------------------------------
DATA16_I
  Relative segment, address: 2400, align: 1
  Segment part 3.
    -------------------------------------------------------------------------
DATA16_ID
  Relative segment, address: 4BF0, align: 1
  Segment part 4.
    -------------------------------------------------------------------------
CODE_I
  Relative segment, address: 2800, align: 1
  Segment part 5.
    -------------------------------------------------------------------------
CODE_ID
  Relative segment, address: 5594, align: 1
  Segment part 6.
    -------------------------------------------------------------------------
DATA20_Z
  Relative segment, address: 2800, align: 1
  Segment part 7.
    -------------------------------------------------------------------------
DATA20_I
  Relative segment, address: 2800, align: 1
  Segment part 8.
    -------------------------------------------------------------------------
DATA20_ID
  Relative segment, address: 5594, align: 1
  Segment part 9.
    -------------------------------------------------------------------------
DATA20_C
  Relative segment, address: 5594, align: 1
  Segment part 10.
    -------------------------------------------------------------------------
DATA20_N
  Relative segment, address: 2800, align: 1
  Segment part 12.
    -------------------------------------------------------------------------
CSTART
  Relative segment, address: 4FF0 - 4FF3 (0x4 bytes), align: 1
  Segment part 15.
           ENTRY                   ADDRESS         REF BY
           =====                   =======         ======
           __program_start         4FF0            ?reset_vector (?reset_vector)
                                                   Absolute parts (?ABS_ENTRY_MOD)
           ?cstart_begin           4FF0 
    -------------------------------------------------------------------------
CSTART
  Relative segment, address: 4FF4 - 5003 (0x10 bytes), align: 1
  Segment part 20.
           ENTRY                   ADDRESS         REF BY
           =====                   =======         ======
           ?cstart_init_copy       4FF4            BMP1 (main)
    -------------------------------------------------------------------------
CSTART
  Relative segment, address: 5004 - 500B (0x8 bytes), align: 1
  Segment part 26.            Intra module refs:   Segment part 15
           ENTRY                   ADDRESS         REF BY
           =====                   =======         ======
           ?cstart_call_main       5004 
           ?cstart_end             500C 
    -------------------------------------------------------------------------
CODE_ID
  Relative segment, address: 5594, align: 1
  Segment part 27.            Intra module refs:   Segment part 5

    -------------------------------------------------------------------------
  LIBRARY MODULE, NAME : ?reset_vector

  SEGMENTS IN THE MODULE
  ======================
RESET
  Relative segment, address: FFFE - FFFF (0x2 bytes), align: 1
  Segment part 0.
           ENTRY                   ADDRESS         REF BY
           =====                   =======         ======
           ?reset_vector           FFFE            Segment part 15 (?cstart)

    -------------------------------------------------------------------------
  LIBRARY MODULE, NAME : ?DivMod816u

  SEGMENTS IN THE MODULE
  ======================
<CODE> 1 (was CODE)
  Relative segment, address: 5528 - 553F (0x18 bytes), align: 1
  Segment part 1.
           ENTRY                   ADDRESS         REF BY
           =====                   =======         ======
           ?DivMod16u              5528            OLED_ShowNum (oled)

    -------------------------------------------------------------------------
  LIBRARY MODULE, NAME : ?memcpy

  SEGMENTS IN THE MODULE
  ======================
<CODE> 1 (was CODE)
  Relative segment, address: 5540 - 5557 (0x18 bytes), align: 1
  Segment part 2.
           ENTRY                   ADDRESS         REF BY
           =====                   =======         ======
           memcpy                  5540            __data16_memcpy (?memzero)

    -------------------------------------------------------------------------
  LIBRARY MODULE, NAME : ?memzero

  SEGMENTS IN THE MODULE
  ======================
<CODE> 1 (was CODE)
  Relative segment, address: 5586 - 5589 (0x4 bytes), align: 1
  Segment part 3.
           ENTRY                   ADDRESS         REF BY
           =====                   =======         ======
           __data16_memcpy         5586            ?cstart_init_copy (?cstart)
               calls direct




                ****************************************
                *                                      *
                *      SEGMENTS IN ADDRESS ORDER       *
                *                                      *
                ****************************************


SEGMENT              SPACE    START ADDRESS   END ADDRESS     SIZE  TYPE  ALIGN
=======              =====    =============   ===========     ====  ====  =====
DATA16_AN                              015C - 015D               2   rel    0
                                       0202 - 0205               4 
                                       020A - 020B               2 
                                       0222 - 0225               4 
                                       022A - 022B               2 
                                       05C0 - 05C1               2 
                                       05C6 - 05C8               3 
DATA16_I                               2400 - 27FF             400   rel    1
DATA20_I                                  2800                       rel    1
DATA20_Z                                  2800                       rel    1
DATA20_N                                  2800                       rel    1
CODE_I                                    2800                       rel    1
CSTACK                                 4360 - 43FF              A0   rel    1
DATA16_C                               4400 - 4BEE             7EF   rel    0
DATA16_ID                              4BF0 - 4FEF             400   rel    1
CSTART                                 4FF0 - 500B              1C   rel    1
<CODE> 1                               500C - 5593             588   rel    1
DATA20_ID                                 5594                       rel    1
CODE_ID                                   5594                       rel    1
DATA20_C                                  5594                       rel    1
RESET                                  FFFE - FFFF               2   rel    1

                ****************************************
                *                                      *
                *        END OF CROSS REFERENCE        *
                *                                      *
                ****************************************

 1 446 bytes of CODE  memory
 1 184 bytes of DATA  memory (+ 19 absolute )
 3 055 bytes of CONST memory

Errors: none
Warnings: none

