################################################################################
#                                                                              #
#      IAR Universal Linker V6.4.6.89                                          #
#                                                                              #
#           Link time     =  21/Nov/2017  23:13:31                             #
#           Target CPU    =  MSP430                                            #
#           List file     =  C:\Users\K\MSP430F5529_DS18B20_12864OLED\Debug\Li #
#                            st\12864.map                                      #
#           Output file 1 =  C:\Users\K\MSP430F5529_DS18B20_12864OLED\Debug\Ex #
#                            e\12864.d43                                       #
#                            Format: ubrof10                                   #
#                            UBROF version 10.0.6                              #
#                            Using library modules for C-SPY (-rt)             #
#           Command line  =  -f C:\Users\K\AppData\Local\Temp\EW7EE2.tmp       #
#                            (C:\Users\K\MSP430F5529_DS18B20_12864OLED\Debug\O #
#                            bj\main.r43                                       #
#                            C:\Users\K\MSP430F5529_DS18B20_12864OLED\Debug\Ob #
#                            j\oled.r43                                        #
#                            -o                                                #
#                            C:\Users\K\MSP430F5529_DS18B20_12864OLED\Debug\Ex #
#                            e\12864.d43                                       #
#                            -l                                                #
#                            C:\Users\K\MSP430F5529_DS18B20_12864OLED\Debug\Li #
#                            st\12864.map                                      #
#                            -xms                                              #
#                            "-IC:\Program Files (x86)\IAR Systems\Embedded Wo #
#                            rkbench 8.0\430\LIB\"                             #
#                            -f                                                #
#                            "C:\Program Files (x86)\IAR Systems\Embedded Work #
#                            bench 8.0\430\config\linker\lnk430f5529.xcl"      #
#                            (-cmsp430 -D?CPU30_OFFSET=2 -QCODE_I=CODE_ID      #
#                            -QTLS16_I=TLS16_ID -D__iar_HWMUL=4C0              #
#                            -Z(CONST)INFO=1800-19FF                           #
#                            -Z(CONST)INFOA=1980-19FF                          #
#                            -Z(CONST)INFOB=1900-197F                          #
#                            -Z(CONST)INFOC=1880-18FF                          #
#                            -Z(CONST)INFOD=1800-187F                          #
#                            -Z(DATA)USBRAM=1C00-23FF                          #
#                            -Z(DATA)DATA16_I,DATA16_Z,DATA16_N,TLS16_I=2400-4 #
#                            3FF                                               #
#                            -Z(DATA)DATA16_HEAP+_DATA16_HEAP_SIZE             #
#                            -Z(DATA)CODE_I                                    #
#                            -Z(DATA)DATA20_I,DATA20_Z,DATA20_N,DATA20_HEAP+_D #
#                            ATA20_HEAP_SIZE                                   #
#                            -Z(DATA)CSTACK+_STACK_SIZE#                       #
#                            -Z(CONST)DATA16_C,DATA16_ID,TLS16_ID,DIFUNCT,CHEC #
#                            KSUM=4400-FF7F                                    #
#                            -Z(CODE)CSTART,ISR_CODE,CODE16=4400-FF7F          #
#                            -P(CODE)CODE=4400-FF7F,10000-243FF                #
#                            -Z(CONST)DATA20_C,DATA20_ID,CODE_ID=4400-FF7F,100 #
#                            40-243FF                                          #
#                            -Z(CODE)INTVEC=FF80-FFFF                          #
#                            -Z(CODE)RESET=FFFE-FFFF) -f                       #
#                            "C:\Program Files (x86)\IAR Systems\Embedded Work #
#                            bench 8.0\430\config\linker\multiplier32.xcl"     #
#                            (-e?Mul8Hw=?Mul8 -e?Mul16Hw=?Mul16                #
#                            -e?Mul16to32uHw=?Mul16to32u                       #
#                            -e?Mul16to32sHw=?Mul16to32s -e?Mul32Hw32=?Mul32   #
#                            -e?Mul64Hw32=_Mul64i                              #
#                            -e?Mul32u32uto64iHw32=_Mul32u32uto64i             #
#                            -e?Mul32fHw32=_Mul32f                             #
#                            -e_Mul64fHw32Ptr=_Mul64fPtr) -D_STACK_SIZE=A0     #
#                            -rt                                               #
#                            "C:\Program Files (x86)\IAR Systems\Embedded Work #
#                            bench 8.0\430\lib\dlib\dl430xlsfn.r43"            #
#                            -e_PrintfLarge=_Printf -e_ScanfLarge=_Scanf       #
#                            -D_DATA16_HEAP_SIZE=A0 -s __program_start         #
#                            -D_DATA20_HEAP_SIZE=50)                           #
#                                                                              #
#                           Copyright (C) 1987-2016 IAR Systems AB.            #
################################################################################





                ****************************************
                *                                      *
                *           CROSS REFERENCE            *
                *                                      *
                ****************************************

       Program entry at :           49F0  Relocatable, from module : ?cstart




                ****************************************
                *                                      *
                *            RUNTIME MODEL             *
                *                                      *
                ****************************************

  __Heap_Handler             = Basic
  __SystemLibrary            = DLib
  __code_model               = large
  __core                     = 430X
  __data_model               = small
  __dlib_file_descriptor     = 0
  __dlib_full_locale_support = 0
  __double_size              = 32
  __pic                      = no
  __reg_r4                   = free
  __reg_r5                   = free
  __rt_version               = 3

                ****************************************
                *                                      *
                *    AUTOMATIC SYMBOL REDIRECTIONS     *
                *                                      *
                ****************************************

                  There are no automatic symbol redirections.



                ****************************************
                *                                      *
                *              MODULE MAP              *
                *                                      *
                ****************************************


  DEFINED ABSOLUTE ENTRIES
    *************************************************************************

  DEFINED ABSOLUTE ENTRIES
  PROGRAM MODULE, NAME : ?ABS_ENTRY_MOD

Absolute parts
           ENTRY                   ADDRESS         REF BY
           =====                   =======         ======
           _DATA20_HEAP_SIZE       0050 
           _DATA16_HEAP_SIZE       00A0 
           _STACK_SIZE             00A0 
           __iar_HWMUL             04C0            ?Mul32fHw32 (?Mul32fHw32)
           ?CPU30_OFFSET           0002 
    *************************************************************************

  FILE NAME : C:\Users\K\MSP430F5529_DS18B20_12864OLED\Debug\Obj\main.r43
  PROGRAM MODULE, NAME : main

  SEGMENTS IN THE MODULE
  ======================
DATA16_AN
  Relative segment, address: 0200 - 0201 (0x2 bytes), align: 0
  Segment part 1. ROOT        Intra module refs:   DS18B20_Reset
                                                   ds1820_read_byte
           ENTRY                   ADDRESS         REF BY
           =====                   =======         ======
           _A_PAIN_L               0200 
           LOCAL                   ADDRESS         
           =====                   =======         
           PAIN                    0200 
           PAIN_H                  0201 
           PAIN_L                  0200 
    -------------------------------------------------------------------------
DATA16_AN
  Relative segment, address: 0202 - 0203 (0x2 bytes), align: 0
  Segment part 2. ROOT        Intra module refs:   Clock_Init (oled)
                                                   DS18B20_Reset
                                                   OLED_Init (oled)
                                                   OLED_WR_Byte (oled)
                                                   ds1820_read_byte
                                                   ds1820_write_byte
           ENTRY                   ADDRESS         REF BY
           =====                   =======         ======
           _A_PAOUT_L              0202 
           LOCAL                   ADDRESS         
           =====                   =======         
           PAOUT                   0202 
           PAOUT_H                 0203 
           PAOUT_L                 0202 
    -------------------------------------------------------------------------
DATA16_AN
  Relative segment, address: 0204 - 0205 (0x2 bytes), align: 0
  Segment part 3. ROOT        Intra module refs:   Clock_Init (oled)
                                                   DS18B20_Reset
                                                   OLED_Init (oled)
                                                   ds1820_read_byte
                                                   ds1820_write_byte
           ENTRY                   ADDRESS         REF BY
           =====                   =======         ======
           _A_PADIR_L              0204 
           LOCAL                   ADDRESS         
           =====                   =======         
           PADIR                   0204 
           PADIR_H                 0205 
           PADIR_L                 0204 
    -------------------------------------------------------------------------
DATA16_AN
  Relative segment, address: 015C - 015D (0x2 bytes), align: 0
  Segment part 4. ROOT        Intra module refs:   main
           ENTRY                   ADDRESS         REF BY
           =====                   =======         ======
           _A_WDTCTL_L             015C 
           LOCAL                   ADDRESS         
           =====                   =======         
           WDTCTL                  015C 
           WDTCTL_H                015D 
           WDTCTL_L                015C 
    -------------------------------------------------------------------------
DATA16_Z
  Relative segment, address: 2400 - 2401 (0x2 bytes), align: 1
  Segment part 8.             Intra module refs:   ds1820_read_temp
                                                   main
           ENTRY                   ADDRESS         REF BY
           =====                   =======         ======
           temp_value              2400 
    -------------------------------------------------------------------------
DATA16_Z
  Relative segment, address: 2402 - 2402 (0x1 bytes), align: 0
  Segment part 10.            Intra module refs:   data_do
           ENTRY                   ADDRESS         REF BY
           =====                   =======         ======
           A1                      2402 
    -------------------------------------------------------------------------
DATA16_Z
  Relative segment, address: 2403 - 2403 (0x1 bytes), align: 0
  Segment part 11.            Intra module refs:   data_do
           ENTRY                   ADDRESS         REF BY
           =====                   =======         ======
           A2                      2403 
    -------------------------------------------------------------------------
DATA16_Z
  Relative segment, address: 2404 - 2404 (0x1 bytes), align: 0
  Segment part 12.            Intra module refs:   data_do
           ENTRY                   ADDRESS         REF BY
           =====                   =======         ======
           A3                      2404 
    -------------------------------------------------------------------------
DATA16_Z
  Relative segment, address: 2405 - 240A (0x6 bytes), align: 0
  Segment part 13.            Intra module refs:   data_do
                                                   main
           ENTRY                   ADDRESS         REF BY
           =====                   =======         ======
           Temp_Value              2405 
    -------------------------------------------------------------------------
<CODE> 1 (was CODE)
  Relative segment, address: 518A - 5197 (0xe bytes), align: 1
  Segment part 14.            Intra module refs:   DS18B20_Reset
                                                   ds1820_read_byte
                                                   ds1820_write_byte
           ENTRY                   ADDRESS         REF BY
           =====                   =======         ======
           delay_us                518A 
    -------------------------------------------------------------------------
<CODE> 1 (was CODE)
  Relative segment, address: 4FC8 - 500B (0x44 bytes), align: 1
  Segment part 15.            Intra module refs:   ds1820_read_temp
                                                   ds1820_start
                                                   main
           ENTRY                   ADDRESS         REF BY
           =====                   =======         ======
           DS18B20_Reset           4FC8 
               calls direct
    -------------------------------------------------------------------------
<CODE> 1 (was CODE)
  Relative segment, address: 4E9E - 4EEB (0x4e bytes), align: 1
  Segment part 16.            Intra module refs:   ds1820_read_temp
           ENTRY                   ADDRESS         REF BY
           =====                   =======         ======
           ds1820_read_byte        4E9E 
               calls direct
    -------------------------------------------------------------------------
<CODE> 1 (was CODE)
  Relative segment, address: 504E - 5089 (0x3c bytes), align: 1
  Segment part 17.            Intra module refs:   ds1820_read_temp
                                                   ds1820_start
           ENTRY                   ADDRESS         REF BY
           =====                   =======         ======
           ds1820_write_byte       504E 
               calls direct
    -------------------------------------------------------------------------
<CODE> 1 (was CODE)
  Relative segment, address: 5152 - 5165 (0x14 bytes), align: 1
  Segment part 18.            Intra module refs:   main
           ENTRY                   ADDRESS         REF BY
           =====                   =======         ======
           ds1820_start            5152 
               calls direct
    -------------------------------------------------------------------------
<CODE> 1 (was CODE)
  Relative segment, address: 4D6C - 4DD9 (0x6e bytes), align: 1
  Segment part 19.            Intra module refs:   main
           ENTRY                   ADDRESS         REF BY
           =====                   =======         ======
           ds1820_read_temp        4D6C 
               calls direct
    -------------------------------------------------------------------------
<CODE> 1 (was CODE)
  Relative segment, address: 4CF8 - 4D6B (0x74 bytes), align: 1
  Segment part 20.            Intra module refs:   main
           ENTRY                   ADDRESS         REF BY
           =====                   =======         ======
           data_do                 4CF8 
               calls direct
    -------------------------------------------------------------------------
<CODE> 1 (was CODE)
  Relative segment, address: 4F38 - 4F81 (0x4a bytes), align: 1
  Segment part 21.
           ENTRY                   ADDRESS         REF BY
           =====                   =======         ======
           main                    4F38            Segment part 26 (?cstart)
               calls direct

    *************************************************************************

  FILE NAME : C:\Users\K\MSP430F5529_DS18B20_12864OLED\Debug\Obj\oled.r43
  PROGRAM MODULE, NAME : oled

  SEGMENTS IN THE MODULE
  ======================
DATA16_C
  Relative segment, address: 4400 - 49EF (0x5f0 bytes), align: 0
  Segment part 13.            Intra module refs:   OLED_ShowChar
           ENTRY                   ADDRESS         REF BY
           =====                   =======         ======
           F8X16                   4400 
    -------------------------------------------------------------------------
DATA16_AN
  Relative segment, address: 0206 - 0207 (0x2 bytes), align: 0
  Segment part 3. ROOT        Intra module refs:   Clock_Init
           ENTRY                   ADDRESS         REF BY
           =====                   =======         ======
           _A_PAREN_L              0206 
           LOCAL                   ADDRESS         
           =====                   =======         
           PAREN                   0206 
           PAREN_H                 0207 
           PAREN_L                 0206 
    -------------------------------------------------------------------------
DATA16_AN
  Relative segment, address: 0222 - 0223 (0x2 bytes), align: 0
  Segment part 4. ROOT        Intra module refs:   OLED_WR_Byte
           ENTRY                   ADDRESS         REF BY
           =====                   =======         ======
           _A_PBOUT_L              0222 
           LOCAL                   ADDRESS         
           =====                   =======         
           PBOUT                   0222 
           PBOUT_H                 0223 
           PBOUT_L                 0222 
    -------------------------------------------------------------------------
DATA16_AN
  Relative segment, address: 0224 - 0225 (0x2 bytes), align: 0
  Segment part 5. ROOT        Intra module refs:   OLED_Init
           ENTRY                   ADDRESS         REF BY
           =====                   =======         ======
           _A_PBDIR_L              0224 
           LOCAL                   ADDRESS         
           =====                   =======         
           PBDIR                   0224 
           PBDIR_H                 0225 
           PBDIR_L                 0224 
    -------------------------------------------------------------------------
DATA16_AN
  Relative segment, address: 024A - 024B (0x2 bytes), align: 0
  Segment part 6. ROOT        Intra module refs:   Clock_Init
           ENTRY                   ADDRESS         REF BY
           =====                   =======         ======
           _A_PCSEL_L              024A 
           LOCAL                   ADDRESS         
           =====                   =======         
           PCSEL                   024A 
           PCSEL_H                 024B 
           PCSEL_L                 024A 
    -------------------------------------------------------------------------
DATA16_AN
  Relative segment, address: 0168 - 0169 (0x2 bytes), align: 0
  Segment part 7. ROOT        Intra module refs:   Clock_Init
           ENTRY                   ADDRESS         REF BY
           =====                   =======         ======
           _A_UCSCTL4_L            0168 
           LOCAL                   ADDRESS         
           =====                   =======         
           UCSCTL4                 0168 
           UCSCTL4_H               0169 
           UCSCTL4_L               0168 
    -------------------------------------------------------------------------
DATA16_AN
  Relative segment, address: 016A - 016B (0x2 bytes), align: 0
  Segment part 8. ROOT        Intra module refs:   Clock_Init
           ENTRY                   ADDRESS         REF BY
           =====                   =======         ======
           _A_UCSCTL5_L            016A 
           LOCAL                   ADDRESS         
           =====                   =======         
           UCSCTL5                 016A 
           UCSCTL5_H               016B 
           UCSCTL5_L               016A 
    -------------------------------------------------------------------------
DATA16_AN
  Relative segment, address: 016C - 016D (0x2 bytes), align: 0
  Segment part 9. ROOT        Intra module refs:   Clock_Init
           ENTRY                   ADDRESS         REF BY
           =====                   =======         ======
           _A_UCSCTL6_L            016C 
           LOCAL                   ADDRESS         
           =====                   =======         
           UCSCTL6                 016C 
           UCSCTL6_H               016D 
           UCSCTL6_L               016C 
    -------------------------------------------------------------------------
DATA16_AN
  Relative segment, address: 016E - 016F (0x2 bytes), align: 0
  Segment part 10. ROOT       Intra module refs:   Clock_Init
           ENTRY                   ADDRESS         REF BY
           =====                   =======         ======
           _A_UCSCTL7_L            016E 
           LOCAL                   ADDRESS         
           =====                   =======         
           UCSCTL7                 016E 
           UCSCTL7_H               016F 
           UCSCTL7_L               016E 
    -------------------------------------------------------------------------
<CODE> 1 (was CODE)
  Relative segment, address: 513A - 5151 (0x18 bytes), align: 1
  Segment part 15.            Intra module refs:   OLED_Init
           ENTRY                   ADDRESS         REF BY
           =====                   =======         ======
           delay_ms                513A            main (main)
    -------------------------------------------------------------------------
<CODE> 1 (was CODE)
  Relative segment, address: 4F82 - 4FC7 (0x46 bytes), align: 1
  Segment part 16.            Intra module refs:   OLED_Clear
                                                   OLED_Init
                                                   OLED_Set_Pos
                                                   OLED_ShowChar
           ENTRY                   ADDRESS         REF BY
           =====                   =======         ======
           OLED_WR_Byte            4F82 
    -------------------------------------------------------------------------
<CODE> 1 (was CODE)
  Relative segment, address: 50F6 - 5121 (0x2c bytes), align: 1
  Segment part 17.            Intra module refs:   OLED_Init
                                                   OLED_ShowChar
           ENTRY                   ADDRESS         REF BY
           =====                   =======         ======
           OLED_Set_Pos            50F6 
               calls direct
    -------------------------------------------------------------------------
<CODE> 1 (was CODE)
  Relative segment, address: 500C - 504D (0x42 bytes), align: 1
  Segment part 20.            Intra module refs:   OLED_Init
           ENTRY                   ADDRESS         REF BY
           =====                   =======         ======
           OLED_Clear              500C            main (main)
               calls direct
    -------------------------------------------------------------------------
<CODE> 1 (was CODE)
  Relative segment, address: 4DDA - 4E41 (0x68 bytes), align: 1
  Segment part 21.            Intra module refs:   OLED_ShowString
           ENTRY                   ADDRESS         REF BY
           =====                   =======         ======
           OLED_ShowChar           4DDA 
               calls direct
    -------------------------------------------------------------------------
<CODE> 1 (was CODE)
  Relative segment, address: 508A - 50C3 (0x3a bytes), align: 1
  Segment part 24.
           ENTRY                   ADDRESS         REF BY
           =====                   =======         ======
           OLED_ShowString         508A            main (main)
               calls direct
    -------------------------------------------------------------------------
<CODE> 1 (was CODE)
  Relative segment, address: 4A08 - 4B63 (0x15c bytes), align: 1
  Segment part 27.
           ENTRY                   ADDRESS         REF BY
           =====                   =======         ======
           OLED_Init               4A08            main (main)
               calls direct
    -------------------------------------------------------------------------
<CODE> 1 (was CODE)
  Relative segment, address: 4E42 - 4E9D (0x5c bytes), align: 1
  Segment part 28.
           ENTRY                   ADDRESS         REF BY
           =====                   =======         ======
           Clock_Init              4E42            main (main)

    *************************************************************************

  FILE NAME : C:\Program Files (x86)\IAR Systems\Embedded Workbench 8.0\430\lib\dlib\dl430xlsfn.r43
  LIBRARY MODULE, NAME : ?__dbg_break

  SEGMENTS IN THE MODULE
  ======================
<CODE> 1 (was CODE)
  Relative segment, address: 51A0 - 51A1 (0x2 bytes), align: 1
  Segment part 2.
           ENTRY                   ADDRESS         REF BY
           =====                   =======         ======
           __DebugBreak            51A0            __exit (?__exit)

    -------------------------------------------------------------------------
  LIBRARY MODULE, NAME : ?__exit

  SEGMENTS IN THE MODULE
  ======================
<CODE> 1 (was CODE)
  Relative segment, address: 5166 - 5179 (0x14 bytes), align: 1
  Segment part 2.
           ENTRY                   ADDRESS         REF BY
           =====                   =======         ======
           __exit                  5166            Segment part 6 (?_exit)
                                                   _exit (?_exit)
               calls direct

    -------------------------------------------------------------------------
  LIBRARY MODULE, NAME : ?_exit

  SEGMENTS IN THE MODULE
  ======================
<CODE> 1 (was CODE)
  Relative segment, address: 5198, align: 1
  Segment part 0.
           ENTRY                   ADDRESS         REF BY
           =====                   =======         ======
           _exit                   5198            exit (?exit)
    -------------------------------------------------------------------------
<CODE> 1 (was CODE)
  Relative segment, address: 5198 - 519B (0x4 bytes), align: 1
  Segment part 6.             Intra module refs:   _exit

    -------------------------------------------------------------------------
  LIBRARY MODULE, NAME : ?cstart

  SEGMENTS IN THE MODULE
  ======================
CSTACK
  Relative segment, address: 4360, align: 1
  Segment part 1.
    -------------------------------------------------------------------------
DATA16_Z
  Relative segment, address: 2402, align: 1
  Segment part 2.
    -------------------------------------------------------------------------
CODE_I
  Relative segment, address: 240C, align: 1
  Segment part 5.
    -------------------------------------------------------------------------
CODE_ID
  Relative segment, address: 51A2, align: 1
  Segment part 6.
    -------------------------------------------------------------------------
DATA20_Z
  Relative segment, address: 240C, align: 1
  Segment part 7.
    -------------------------------------------------------------------------
DATA20_I
  Relative segment, address: 240C, align: 1
  Segment part 8.
    -------------------------------------------------------------------------
DATA20_ID
  Relative segment, address: 51A2, align: 1
  Segment part 9.
    -------------------------------------------------------------------------
DATA20_C
  Relative segment, address: 51A2, align: 1
  Segment part 10.
    -------------------------------------------------------------------------
DATA20_N
  Relative segment, address: 240C, align: 1
  Segment part 12.
    -------------------------------------------------------------------------
CSTART
  Relative segment, address: 49F0 - 49F3 (0x4 bytes), align: 1
  Segment part 15.
           ENTRY                   ADDRESS         REF BY
           =====                   =======         ======
           __program_start         49F0            ?reset_vector (?reset_vector)
                                                   Absolute parts (?ABS_ENTRY_MOD)
           ?cstart_begin           49F0 
    -------------------------------------------------------------------------
CSTART
  Relative segment, address: 49F4 - 49FF (0xc bytes), align: 1
  Segment part 19.
           ENTRY                   ADDRESS         REF BY
           =====                   =======         ======
           ?cstart_init_zero       49F4            A1 (main)
                                                   A2 (main)
                                                   A3 (main)
                                                   Temp_Value (main)
                                                   temp_value (main)
    -------------------------------------------------------------------------
CSTART
  Relative segment, address: 4A00 - 4A07 (0x8 bytes), align: 1
  Segment part 26.            Intra module refs:   Segment part 15
           ENTRY                   ADDRESS         REF BY
           =====                   =======         ======
           ?cstart_call_main       4A00 
           ?cstart_end             4A08 
    -------------------------------------------------------------------------
CODE_ID
  Relative segment, address: 51A2, align: 1
  Segment part 27.            Intra module refs:   Segment part 5

    -------------------------------------------------------------------------
  LIBRARY MODULE, NAME : ?reset_vector

  SEGMENTS IN THE MODULE
  ======================
RESET
  Relative segment, address: FFFE - FFFF (0x2 bytes), align: 1
  Segment part 0.
           ENTRY                   ADDRESS         REF BY
           =====                   =======         ======
           ?reset_vector           FFFE            Segment part 15 (?cstart)

    -------------------------------------------------------------------------
  LIBRARY MODULE, NAME : ?exit

  SEGMENTS IN THE MODULE
  ======================
<CODE> 1 (was CODE)
  Relative segment, address: 519C - 519F (0x4 bytes), align: 1
  Segment part 2.
           ENTRY                   ADDRESS         REF BY
           =====                   =======         ======
           exit                    519C            Segment part 26 (?cstart)
               calls direct

    -------------------------------------------------------------------------
  LIBRARY MODULE, NAME : ?Mul32fHw32

  SEGMENTS IN THE MODULE
  ======================
<CODE> 1 (was CODE)
  Relative segment, address: 4B64 - 4C79 (0x116 bytes), align: 1
  Segment part 0.
           ENTRY                   ADDRESS         REF BY
           =====                   =======         ======
           ?Mul32fHw32             4B64            ds1820_read_temp (main)

    -------------------------------------------------------------------------
  LIBRARY MODULE, NAME : ?Cast32f32i

  SEGMENTS IN THE MODULE
  ======================
<CODE> 1 (was CODE)
  Relative segment, address: 4C7A - 4CF7 (0x7e bytes), align: 1
  Segment part 1.
           ENTRY                   ADDRESS         REF BY
           =====                   =======         ======
           _Cast32uto32f           4C7A            ds1820_read_temp (main)

    -------------------------------------------------------------------------
  LIBRARY MODULE, NAME : _Cast32fto32s

  SEGMENTS IN THE MODULE
  ======================
<CODE> 1 (was CODE)
  Relative segment, address: 50C4 - 50F5 (0x32 bytes), align: 1
  Segment part 0.
           ENTRY                   ADDRESS         REF BY
           =====                   =======         ======
           _Cast32fto32s           50C4            ds1820_read_temp (main)

    -------------------------------------------------------------------------
  LIBRARY MODULE, NAME : ?FLT_Extract

  SEGMENTS IN THE MODULE
  ======================
<CODE> 1 (was CODE)
  Relative segment, address: 4EEC - 4F37 (0x4c bytes), align: 1
  Segment part 0.
           ENTRY                   ADDRESS         REF BY
           =====                   =======         ======
           ?FLT_Extract            4EEC            _Cast32fto32s (_Cast32fto32s)

    -------------------------------------------------------------------------
  LIBRARY MODULE, NAME : ?DivMod816u

  SEGMENTS IN THE MODULE
  ======================
<CODE> 1 (was CODE)
  Relative segment, address: 5122 - 5139 (0x18 bytes), align: 1
  Segment part 1.
           ENTRY                   ADDRESS         REF BY
           =====                   =======         ======
           ?DivMod16u              5122            data_do (main)

    -------------------------------------------------------------------------
  LIBRARY MODULE, NAME : ?memzero

  SEGMENTS IN THE MODULE
  ======================
<CODE> 1 (was CODE)
  Relative segment, address: 517A - 5189 (0x10 bytes), align: 1
  Segment part 2.
           ENTRY                   ADDRESS         REF BY
           =====                   =======         ======
           __data16_memzero        517A            ?cstart_init_zero (?cstart)




                ****************************************
                *                                      *
                *      SEGMENTS IN ADDRESS ORDER       *
                *                                      *
                ****************************************


SEGMENT              SPACE    START ADDRESS   END ADDRESS     SIZE  TYPE  ALIGN
=======              =====    =============   ===========     ====  ====  =====
DATA16_AN                              015C - 015D               2   rel    0
                                       0168 - 016F               8 
                                       0200 - 0207               8 
                                       0222 - 0225               4 
                                       024A - 024B               2 
DATA16_I                                  2400                       dse    0
DATA16_Z                               2400 - 240A               B   rel    1
CODE_I                                    240C                       rel    1
DATA20_I                                  240C                       rel    1
DATA20_N                                  240C                       rel    1
DATA20_Z                                  240C                       rel    1
CSTACK                                 4360 - 43FF              A0   rel    1
DATA16_C                               4400 - 49EF             5F0   rel    0
CSTART                                 49F0 - 4A07              18   rel    1
<CODE> 1                               4A08 - 51A1             79A   rel    1
DATA20_ID                                 51A2                       rel    1
CODE_ID                                   51A2                       rel    1
DATA20_C                                  51A2                       rel    1
RESET                                  FFFE - FFFF               2   rel    1

                ****************************************
                *                                      *
                *        END OF CROSS REFERENCE        *
                *                                      *
                ****************************************

 1 972 bytes of CODE  memory
   171 bytes of DATA  memory (+ 24 absolute )
 1 520 bytes of CONST memory

Errors: none
Warnings: none

